
> corporate-sim-frontend@1.0.0 test:run
> vitest run


[1m[46m RUN [49m[22m [36mv4.0.16 [39m[90mD:/dev/corpgame[39m

node.exe : [90mstderr[2m | tests/api/corporate-actions/actions.test.ts
At line:1 char:1
+ & "C:\Program Files\nodejs/node.exe" "C:\Users\spenc\AppData\Roaming\ ...
+ ~~~~~~~~~~~~~~~~~~~~~~~~~~~~~~~~~~~~~~~~~~~~~~~~~~~~~~~~~~~~~~~~~~~~~
    + CategoryInfo          : NotSpecified: ([90mstderr[2m...actions.test.ts:String) [], RemoteException
    + FullyQualifiedErrorId : NativeCommandError
 
[22m[39mJWT_SECRET is not defined. Using insecure fallback for development.
JWT_REFRESH_SECRET is not defined. Using insecure fallback for development.

[90mstderr[2m | tests/api/corporation/management.test.ts
[22m[39mJWT_SECRET is not defined. Using insecure fallback for development.
JWT_REFRESH_SECRET is not defined. Using insecure fallback for development.

[90mstderr[2m | tests/api/shares/buy.test.ts
[22m[39mJWT_SECRET is not defined. Using insecure fallback for development.
JWT_REFRESH_SECRET is not defined. Using insecure fallback for development.

[90mstderr[2m | tests/api/shares/sell.test.ts
[22m[39mJWT_SECRET is not defined. Using insecure fallback for development.
JWT_REFRESH_SECRET is not defined. Using insecure fallback for development.

 [32mΓ£ô[39m tests/unit/finance.test.ts [2m([22m[2m16 tests[22m[2m)[22m[33m 877[2mms[22m[39m
 [32mΓ£ô[39m tests/unit/utils.test.ts [2m([22m[2m8 tests[22m[2m)[22m[33m 888[2mms[22m[39m
[90mstderr[2m | tests/api/auth/refresh.test.ts
[22m[39mJWT_SECRET is not defined. Using insecure fallback for development.
JWT_REFRESH_SECRET is not defined. Using insecure fallback for development.

[90mstderr[2m | tests/api/corporation/create.test.ts
[22m[39mJWT_SECRET is not defined. Using insecure fallback for development.
JWT_REFRESH_SECRET is not defined. Using insecure fallback for development.

[90mstderr[2m | tests/api/auth/register.test.ts
[22m[39mJWT_SECRET is not defined. Using insecure fallback for development.
JWT_REFRESH_SECRET is not defined. Using insecure fallback for development.

[90mstderr[2m | tests/api/cash/transfer.test.ts
[22m[39mJWT_SECRET is not defined. Using insecure fallback for development.
JWT_REFRESH_SECRET is not defined. Using insecure fallback for development.

[90mstderr[2m | tests/api/auth/login.test.ts
[22m[39mJWT_SECRET is not defined. Using insecure fallback for development.
JWT_REFRESH_SECRET is not defined. Using insecure fallback for development.

 [32mΓ£ô[39m tests/unit/corporation-list-route.test.ts [2m([22m[2m5 tests[22m[2m)[22m[33m 756[2mms[22m[39m
[90mstdout[2m | tests/integration/login.test.tsx
[22m[39mAPI URL Detection: {
  protocol: [32m'http:'[39m,
  hostname: [32m'localhost'[39m,
  port: [32m'3000'[39m,
  detectedUrl: [32m'http://localhost:3000'[39m
}

 [31mΓ¥»[39m tests/api/auth/refresh.test.ts [2m([22m[2m13 tests[22m[2m | [22m[31m2 failed[39m[2m)[22m[33m 1476[2mms[22m[39m
       [32mΓ£ô[39m should refresh token with valid refresh token[32m 120[2mms[22m[39m
       [32mΓ£ô[39m should return new access token and new refresh token (rotation)[32m 91[2mms[22m[39m
[31m       [31m├ù[31m should issue tokens with correct user data[39m[32m 84[2mms[22m[39m
       [32mΓ£ô[39m should reject request without refresh token[32m 2[2mms[22m[39m
       [32mΓ£ô[39m should reject empty refresh token[32m 1[2mms[22m[39m
       [32mΓ£ô[39m should reject non-string refresh token[32m 1[2mms[22m[39m
       [32mΓ£ô[39m should reject malformed JWT token[32m 1[2mms[22m[39m
       [32mΓ£ô[39m should reject access token (not refresh token)[32m 75[2mms[22m[39m
       [32mΓ£ô[39m should reject tampered token[32m 78[2mms[22m[39m
       [32mΓ£ô[39m should reject token for non-existent user[32m 3[2mms[22m[39m
       [32mΓ£ô[39m should reject token for banned user[32m 75[2mms[22m[39m
[31m       [31m├ù[31m should handle multiple consecutive refresh requests[39m[32m 83[2mms[22m[39m
       [32mΓ£ô[39m should not accept old refresh token after rotation[32m 82[2mms[22m[39m
 [31mΓ¥»[39m tests/api/auth/register.test.ts [2m([22m[2m18 tests[22m[2m | [22m[31m5 failed[39m[2m)[22m[33m 1740[2mms[22m[39m
[31m       [31m├ù[31m should register new user with valid data[39m[32m 159[2mms[22m[39m
[31m       [31m├ù[31m should create user in database[39m[32m 85[2mms[22m[39m
       [32mΓ£ô[39m should auto-create corporation for new user[32m 85[2mms[22m[39m
[31m       [31m├ù[31m should return JWT tokens on successful registration[39m[32m 85[2mms[22m[39m
       [32mΓ£ô[39m should reject registration without username[32m 3[2mms[22m[39m
       [32mΓ£ô[39m should reject registration without email[32m 2[2mms[22m[39m
       [32mΓ£ô[39m should reject invalid email format[32m 2[2mms[22m[39m
       [32mΓ£ô[39m should reject weak password[32m 2[2mms[22m[39m
       [32mΓ£ô[39m should reject username that is too short[32m 2[2mms[22m[39m
       [32mΓ£ô[39m should reject invalid age[32m 2[2mms[22m[39m
       [32mΓ£ô[39m should reject invalid gender[32m 1[2mms[22m[39m
       [32mΓ£ô[39m should reject duplicate email[32m 80[2mms[22m[39m
       [32mΓ£ô[39m should reject duplicate username[32m 76[2mms[22m[39m
       [32mΓ£ô[39m should handle case-insensitive duplicate detection[32m 73[2mms[22m[39m
[31m       [31m├ù[31m should reject registration from banned IP[39m[32m 89[2mms[22m[39m
       [32mΓ£ô[39m should trim whitespace from username and email[32m 75[2mms[22m[39m
[31m       [31m├ù[31m should handle special characters in player_name[39m[32m 83[2mms[22m[39m
       [32mΓ£ô[39m should reject NoSQL injection in username[32m 2[2mms[22m[39m
 [31mΓ¥»[39m tests/api/auth/login.test.ts [2m([22m[2m16 tests[22m[2m | [22m[31m6 failed[39m[2m)[22m[33m 2069[2mms[22m[39m
[31m       [31m├ù[31m should login successfully with valid username and password[39m[32m 206[2mms[22m[39m
[31m       [31m├ù[31m should login successfully with email and password[39m[32m 152[2mms[22m[39m
[31m       [31m├ù[31m should return valid JWT tokens[39m[32m 154[2mms[22m[39m
       [32mΓ£ô[39m should reject login without username or email[32m 2[2mms[22m[39m
       [32mΓ£ô[39m should reject login without password[32m 2[2mms[22m[39m
       [32mΓ£ô[39m should reject empty username[32m 1[2mms[22m[39m
       [32mΓ£ô[39m should reject empty password[32m 1[2mms[22m[39m
       [32mΓ£ô[39m should reject malformed request body[32m 1[2mms[22m[39m
       [32mΓ£ô[39m should reject non-existent username[32m 3[2mms[22m[39m
       [32mΓ£ô[39m should reject incorrect password[32m 150[2mms[22m[39m
[31m       [31m├ù[31m should reject login from banned IP[39m[32m 161[2mms[22m[39m
[31m       [31m├ù[31m should handle username case-insensitively[39m[32m 154[2mms[22m[39m
       [32mΓ£ô[39m should handle email case-insensitively[32m 158[2mms[22m[39m
       [32mΓ£ô[39m should handle trimmed whitespace in username[32m 153[2mms[22m[39m
[31m       [31m├ù[31m should reject SQL injection attempts[39m[32m 1[2mms[22m[39m
       [32mΓ£ô[39m should reject NoSQL injection attempts[32m 1[2mms[22m[39m
[90mstderr[2m | tests/api/corporation/create.test.ts
[22m[39mFailed to update last seen: MongoNetworkError: read ECONNRESET
    at Connection.onSocketError [90m(D:\dev\corpgame\[39mnode_modules\[4mmongodb[24m\lib\cmap\connection.js:124:22[90m)[39m
[90m    at Socket.emit (node:events:531:35)[39m
[90m    at emitErrorNT (node:internal/streams/destroy:170:8)[39m
[90m    at emitErrorCloseNT (node:internal/streams/destroy:129:3)[39m
[90m    at processTicksAndRejections (node:internal/process/task_queues:90:21)[39m {
  errorLabelSet: Set(0) {},
  beforeHandshake: [33mfalse[39m,
  [cause]: Error: read ECONNRESET
  [90m    at TCP.onStreamRead (node:internal/stream_base_commons:216:20)[39m {
    errno: [33m-4077[39m,
    code: [32m'ECONNRESET'[39m,
    syscall: [32m'read'[39m
  }
}

 [31mΓ¥»[39m tests/api/corporation/create.test.ts [2m([22m[2m18 tests[22m[2m | [22m[31m9 failed[39m[2m)[22m[33m 2165[2mms[22m[39m
[31m       [31m├ù[31m should create corporation with valid data[39m[32m 121[2mms[22m[39m
[31m       [31m├ù[31m should create corporation with default values[39m[32m 98[2mms[22m[39m
[31m       [31m├ù[31m should create shareholder record for CEO with 400,000 shares[39m[32m 82[2mms[22m[39m
[31m       [31m├ù[31m should create founding transaction record[39m[32m 78[2mms[22m[39m
[31m       [31m├ù[31m should handle special characters in corporation name[39m[32m 81[2mms[22m[39m
       [32mΓ£ô[39m should reject creation without name[32m 77[2mms[22m[39m
       [32mΓ£ô[39m should reject name that is too short[32m 80[2mms[22m[39m
       [32mΓ£ô[39m should reject name that is too long[32m 81[2mms[22m[39m
       [32mΓ£ô[39m should reject name with invalid characters[32m 82[2mms[22m[39m
       [32mΓ£ô[39m should reject creation without sector[32m 72[2mms[22m[39m
       [32mΓ£ô[39m should reject empty sector[32m 81[2mms[22m[39m
[31m       [31m├ù[31m should prevent creating second corporation as CEO[39m[32m 116[2mms[22m[39m
[31m       [31m├ù[31m should provide existing corporation details in error[39m[32m 79[2mms[22m[39m
       [32mΓ£ô[39m should reject unauthenticated requests[32m 2[2mms[22m[39m
       [32mΓ£ô[39m should reject invalid JWT token[32m 2[2mms[22m[39m
[31m       [31m├ù[31m should trim whitespace from corporation name[39m[32m 78[2mms[22m[39m
[31m       [31m├ù[31m should handle sector case variations[39m[32m 79[2mms[22m[39m
       [32mΓ£ô[39m should handle database errors gracefully[32m 78[2mms[22m[39m
 [31mΓ¥»[39m tests/api/shares/sell.test.ts [2m([22m[2m20 tests[22m[2m | [22m[31m9 failed[39m[2m)[22m[33m 2554[2mms[22m[39m
[31m       [31m├ù[31m should sell shares with valid data and sufficient holdings[39m[32m 141[2mms[22m[39m
[31m       [31m├ù[31m should add proceeds to user cash[39m[32m 100[2mms[22m[39m
[31m       [31m├ù[31m should reduce shareholder holdings correctly[39m[32m 83[2mms[22m[39m
[31m       [31m├ù[31m should increase public shares in corporation[39m[32m 84[2mms[22m[39m
[31m       [31m├ù[31m should create share transaction record[39m[32m 86[2mms[22m[39m
[31m       [31m├ù[31m should handle sell price with 1% discount (0.99x)[39m[32m 73[2mms[22m[39m
[31m       [31m├ù[31m should allow selling all owned shares[39m[32m 83[2mms[22m[39m
       [32mΓ£ô[39m should reject sale without shares field[32m 76[2mms[22m[39m
       [32mΓ£ô[39m should reject negative shares[32m 83[2mms[22m[39m
       [32mΓ£ô[39m should reject zero shares[32m 79[2mms[22m[39m
       [32mΓ£ô[39m should reject fractional shares[32m 75[2mms[22m[39m
       [32mΓ£ô[39m should reject shares exceeding maximum limit[32m 105[2mms[22m[39m
       [32mΓ£ô[39m should reject non-numeric shares[32m 86[2mms[22m[39m
[31m       [31m├ù[31m should reject sale exceeding owned shares[39m[32m 84[2mms[22m[39m
       [32mΓ£ô[39m should reject sale when user owns no shares[32m 146[2mms[22m[39m
       [32mΓ£ô[39m should reject unauthenticated requests[32m 78[2mms[22m[39m
       [32mΓ£ô[39m should reject invalid JWT token[32m 76[2mms[22m[39m
       [32mΓ£ô[39m should reject invalid corporation ID format[32m 77[2mms[22m[39m
       [32mΓ£ô[39m should reject non-existent corporation[32m 77[2mms[22m[39m
[31m       [31m├ù[31m should handle selling shares in user's own corporation[39m[32m 81[2mms[22m[39m
[90mstderr[2m | tests/api/corporation/management.test.ts
[22m[39mFailed to update last seen: MongoNetworkError: read ECONNRESET
    at Connection.onSocketError [90m(D:\dev\corpgame\[39mnode_modules\[4mmongodb[24m\lib\cmap\connection.js:124:22[90m)[39m
[90m    at Socket.emit (node:events:531:35)[39m
[90m    at emitErrorNT (node:internal/streams/destroy:170:8)[39m
[90m    at emitErrorCloseNT (node:internal/streams/destroy:129:3)[39m
[90m    at processTicksAndRejections (node:internal/process/task_queues:90:21)[39m {
  errorLabelSet: Set(0) {},
  beforeHandshake: [33mfalse[39m,
  [cause]: Error: read ECONNRESET
  [90m    at TCP.onStreamRead (node:internal/stream_base_commons:216:20)[39m {
    errno: [33m-4077[39m,
    code: [32m'ECONNRESET'[39m,
    syscall: [32m'read'[39m
  }
}

 [31mΓ¥»[39m tests/api/corporation/management.test.ts [2m([22m[2m22 tests[22m[2m | [22m[31m3 failed[39m[2m)[22m[33m 2674[2mms[22m[39m
         [32mΓ£ô[39m should retrieve corporation details[32m 134[2mms[22m[39m
         [32mΓ£ô[39m should include CEO details[32m 96[2mms[22m[39m
[31m         [31m├ù[31m should include shareholders list[39m[32m 85[2mms[22m[39m
[31m         [31m├ù[31m should include user details with each shareholder[39m[32m 79[2mms[22m[39m
         [32mΓ£ô[39m should reject invalid corporation ID format[32m 2[2mms[22m[39m
         [32mΓ£ô[39m should return 404 for non-existent corporation[32m 2[2mms[22m[39m
         [32mΓ£ô[39m should allow CEO to update corporation name[32m 86[2mms[22m[39m
         [32mΓ£ô[39m should allow CEO to update sector/type[32m 83[2mms[22m[39m
[31m         [31m├ù[31m should allow CEO to update focus[39m[32m 84[2mms[22m[39m
         [32mΓ£ô[39m should deduct actions for name change[32m 84[2mms[22m[39m
         [32mΓ£ô[39m should allow admin to bypass action costs[32m 77[2mms[22m[39m
         [32mΓ£ô[39m should reject name that is too short[32m 83[2mms[22m[39m
         [32mΓ£ô[39m should reject invalid sector[32m 82[2mms[22m[39m
         [32mΓ£ô[39m should reject invalid focus type[32m 135[2mms[22m[39m
         [32mΓ£ô[39m should reject non-CEO updates[32m 155[2mms[22m[39m
         [32mΓ£ô[39m should reject insufficient actions for name change[32m 80[2mms[22m[39m
         [32mΓ£ô[39m should reject unauthenticated requests[32m 76[2mms[22m[39m
         [32mΓ£ô[39m should allow CEO to delete corporation[32m 78[2mms[22m[39m
         [32mΓ£ô[39m should remove corporation from database[32m 82[2mms[22m[39m
         [32mΓ£ô[39m should reject non-CEO deletion[32m 152[2mms[22m[39m
         [32mΓ£ô[39m should reject unauthenticated deletion[32m 75[2mms[22m[39m
         [32mΓ£ô[39m should reject invalid corporation ID[32m 74[2mms[22m[39m
 [31mΓ¥»[39m tests/api/shares/buy.test.ts [2m([22m[2m21 tests[22m[2m | [22m[31m4 failed[39m[2m)[22m[33m 2733[2mms[22m[39m
       [32mΓ£ô[39m should buy shares with valid data and sufficient funds[32m 176[2mms[22m[39m
       [32mΓ£ô[39m should deduct correct amount from user cash[32m 98[2mms[22m[39m
[31m       [31m├ù[31m should update shareholder record correctly[39m[32m 100[2mms[22m[39m
       [32mΓ£ô[39m should reduce public shares in corporation[32m 93[2mms[22m[39m
       [32mΓ£ô[39m should create share transaction record[32m 91[2mms[22m[39m
       [32mΓ£ô[39m should handle buy price with 1% premium (1.01x)[32m 89[2mms[22m[39m
       [32mΓ£ô[39m should reject purchase without shares field[32m 85[2mms[22m[39m
       [32mΓ£ô[39m should reject negative shares[32m 80[2mms[22m[39m
       [32mΓ£ô[39m should reject zero shares[32m 81[2mms[22m[39m
       [32mΓ£ô[39m should reject fractional shares[32m 85[2mms[22m[39m
       [32mΓ£ô[39m should reject shares exceeding maximum limit[32m 118[2mms[22m[39m
       [32mΓ£ô[39m should reject non-numeric shares[32m 82[2mms[22m[39m
[31m       [31m├ù[31m should reject purchase with insufficient cash[39m[32m 90[2mms[22m[39m
[31m       [31m├ù[31m should provide helpful error message with required amount[39m[32m 92[2mms[22m[39m
       [32mΓ£ô[39m should reject purchase exceeding available public shares[32m 82[2mms[22m[39m
[31m       [31m├ù[31m should allow purchase of all remaining public shares[39m[32m 100[2mms[22m[39m
       [32mΓ£ô[39m should reject unauthenticated requests[32m 78[2mms[22m[39m
       [32mΓ£ô[39m should reject invalid JWT token[32m 80[2mms[22m[39m
       [32mΓ£ô[39m should reject invalid corporation ID format[32m 83[2mms[22m[39m
       [32mΓ£ô[39m should reject non-existent corporation[32m 77[2mms[22m[39m
       [32mΓ£ô[39m should handle buying shares in user's own corporation[32m 91[2mms[22m[39m
 [31mΓ¥»[39m tests/api/corporate-actions/actions.test.ts [2m([22m[2m28 tests[22m[2m | [22m[31m1 failed[39m[2m)[22m[33m 3078[2mms[22m[39m
         [32mΓ£ô[39m should activate marketing campaign with valid CEO and sufficient capital[32m 145[2mms[22m[39m
         [32mΓ£ô[39m should calculate cost as $500k + 1% of market cap[32m 91[2mms[22m[39m
         [32mΓ£ô[39m should deduct cost from corporation capital[32m 74[2mms[22m[39m
         [32mΓ£ô[39m should set expiry to 4 hours from now[32m 83[2mms[22m[39m
         [32mΓ£ô[39m should create transaction record[32m 90[2mms[22m[39m
         [32mΓ£ô[39m should reject non-CEO activation[32m 169[2mms[22m[39m
         [32mΓ£ô[39m should reject unauthenticated requests[32m 82[2mms[22m[39m
         [32mΓ£ô[39m should reject activation with insufficient capital[32m 84[2mms[22m[39m
         [32mΓ£ô[39m should provide required vs available capital in error[32m 80[2mms[22m[39m
         [32mΓ£ô[39m should allow activation when capital exactly matches cost[32m 83[2mms[22m[39m
         [32mΓ£ô[39m should reject activation if marketing campaign already active[32m 87[2mms[22m[39m
         [32mΓ£ô[39m should provide expiry time when action already active[32m 85[2mms[22m[39m
         [32mΓ£ô[39m should reject invalid corporation ID format[32m 77[2mms[22m[39m
[31m         [31m├ù[31m should reject non-existent corporation[39m[32m 85[2mms[22m[39m
         [32mΓ£ô[39m should handle high market cap corporations[32m 84[2mms[22m[39m
         [32mΓ£ô[39m should handle zero share price (penny stock)[32m 96[2mms[22m[39m
         [32mΓ£ô[39m should activate supply rush with valid CEO and sufficient capital[32m 87[2mms[22m[39m
         [32mΓ£ô[39m should use same cost formula as marketing campaign[32m 82[2mms[22m[39m
         [32mΓ£ô[39m should create transaction with supply rush description[32m 83[2mms[22m[39m
         [32mΓ£ô[39m should allow both actions to be active simultaneously[32m 85[2mms[22m[39m
         [32mΓ£ô[39m should deduct capital for both actions independently[32m 81[2mms[22m[39m
         [32mΓ£ô[39m should prevent duplicate supply rush activation[32m 89[2mms[22m[39m
       [32mΓ£ô[39m should retrieve all corporate actions for corporation[32m 89[2mms[22m[39m
       [32mΓ£ô[39m should return empty array for corporation with no actions[32m 81[2mms[22m[39m
       [32mΓ£ô[39m should require authentication[32m 79[2mms[22m[39m
       [32mΓ£ô[39m should retrieve only active (non-expired) actions[32m 79[2mms[22m[39m
       [32mΓ£ô[39m should not include expired actions[32m 81[2mms[22m[39m
       [32mΓ£ô[39m should return empty array if no active actions[32m 72[2mms[22m[39m
 [32mΓ£ô[39m tests/api/cash/transfer.test.ts [2m([22m[2m21 tests[22m[2m)[22m[33m 3605[2mms[22m[39m
 [32mΓ£ô[39m tests/integration/login.test.tsx [2m([22m[2m4 tests[22m[2m)[22m[33m 651[2mms[22m[39m

[31mΓÄ»ΓÄ»ΓÄ»ΓÄ»ΓÄ»ΓÄ»[39m[1m[41m Failed Tests 39 [49m[22m[31mΓÄ»ΓÄ»ΓÄ»ΓÄ»ΓÄ»ΓÄ»ΓÄ»[39m

[41m[1m FAIL [22m[49m tests/api/auth/login.test.ts[2m > [22mPOST /api/auth/login[2m > [22mSuccessful Login[2m > [22mshould login successfully with valid 
username and password
[31m[1mAssertionError[22m: expected undefined to be true // Object.is equality[39m

[32m- Expected:[39m 
true

[31m+ Received:[39m 
undefined

[36m [2mΓ¥»[22m tests/api/auth/login.test.ts:[2m55:28[22m[39m
    [90m 53| [39m
    [90m 54| [39m      [35mconst[39m body [33m=[39m [35mawait[39m [34mgetResponseBody[39m(response)[33m;[39m
    [90m 55| [39m      [34mexpect[39m(body[33m.[39msuccess)[33m.[39m[34mtoBe[39m([35mtrue[39m)[33m;[39m
    [90m   | [39m                           [31m^[39m
    [90m 56| [39m      [34mexpect[39m(body[33m.[39mdata)[33m.[39m[34mtoBeDefined[39m()[33m;[39m
    [90m 57| [39m      [34mexpect[39m(body[33m.[39mdata[33m.[39mtoken)[33m.[39m[34mtoBeDefined[39m()[33m;[39m

[31m[2mΓÄ»ΓÄ»ΓÄ»ΓÄ»ΓÄ»ΓÄ»ΓÄ»ΓÄ»ΓÄ»ΓÄ»ΓÄ»ΓÄ»ΓÄ»ΓÄ»ΓÄ»ΓÄ»ΓÄ»ΓÄ»ΓÄ»ΓÄ»ΓÄ»ΓÄ»ΓÄ»[1/39]ΓÄ»[22m[39m

[41m[1m FAIL [22m[49m tests/api/auth/login.test.ts[2m > [22mPOST /api/auth/login[2m > [22mSuccessful Login[2m > [22mshould login successfully with email 
and password
[31m[1mAssertionError[22m: expected undefined to be true // Object.is equality[39m

[32m- Expected:[39m 
true

[31m+ Received:[39m 
undefined

[36m [2mΓ¥»[22m tests/api/auth/login.test.ts:[2m84:28[22m[39m
    [90m 82| [39m
    [90m 83| [39m      [35mconst[39m body [33m=[39m [35mawait[39m [34mgetResponseBody[39m(response)[33m;[39m
    [90m 84| [39m      [34mexpect[39m(body[33m.[39msuccess)[33m.[39m[34mtoBe[39m([35mtrue[39m)[33m;[39m
    [90m   | [39m                           [31m^[39m
    [90m 85| [39m      [34mexpect[39m(body[33m.[39mdata[33m.[39muser[33m.[39memail)[33m.[39m[34mtoBe[39m([32m'email@example.com'[39m)[33m;[39m
    [90m 86| [39m    })[33m;[39m

[31m[2mΓÄ»ΓÄ»ΓÄ»ΓÄ»ΓÄ»ΓÄ»ΓÄ»ΓÄ»ΓÄ»ΓÄ»ΓÄ»ΓÄ»ΓÄ»ΓÄ»ΓÄ»ΓÄ»ΓÄ»ΓÄ»ΓÄ»ΓÄ»ΓÄ»ΓÄ»ΓÄ»[2/39]ΓÄ»[22m[39m

[41m[1m FAIL [22m[49m tests/api/auth/login.test.ts[2m > [22mPOST /api/auth/login[2m > [22mSuccessful Login[2m > [22mshould return valid JWT tokens
[31m[1mTypeError[22m: Cannot read properties of undefined (reading 'token')[39m
[36m [2mΓ¥»[22m tests/api/auth/login.test.ts:[2m106:24[22m[39m
    [90m104| [39m
    [90m105| [39m      [90m// JWT tokens should be strings with 3 parts separated by dots[39m
    [90m106| [39m      [34mexpect[39m(body[33m.[39mdata[33m.[39mtoken)[33m.[39m[34mtoMatch[39m([36m/^[\w-]+\.[\w-]+\.[\w-]+$/[39m)[33m;[39m
    [90m   | [39m                       [31m^[39m
    [90m107| [39m      expect(body.data.refreshToken).toMatch(/^[\w-]+\.[\w-]+\.[\w-]+$ΓÇª
    [90m108| [39m      
[34mexpect[39m(body[33m.[39mdata[33m.[39mtoken)[33m.[39mnot[33m.[39m[34mtoBe[39m(body[33m.[39mdata[33m.[39mrefreshToken)[33m;[39m

[31m[2mΓÄ»ΓÄ»ΓÄ»ΓÄ»ΓÄ»ΓÄ»ΓÄ»ΓÄ»ΓÄ»ΓÄ»ΓÄ»ΓÄ»ΓÄ»ΓÄ»ΓÄ»ΓÄ»ΓÄ»ΓÄ»ΓÄ»ΓÄ»ΓÄ»ΓÄ»ΓÄ»[3/39]ΓÄ»[22m[39m

[41m[1m FAIL [22m[49m tests/api/auth/login.test.ts[2m > [22mPOST /api/auth/login[2m > [22mAuthentication Errors[2m > [22mshould reject login from banned IP
[31m[1mError[22m: Expected status 403, got 200[39m
[36m [2mΓ¥»[22m assertErrorResponse tests/utils/testHelpers.ts:[2m339:11[22m[39m
    [90m337| [39mexport function assertErrorResponse(response: Response, expectedStatusΓÇª
    [90m338| [39m  [35mif[39m (expectedStatus [33m&&[39m response[33m.[39mstatus [33m!==[39m expectedStatus) {
    [90m339| [39m    throw new Error(`Expected status ${expectedStatus}, got ${responseΓÇª
    [90m   | [39m          [31m^[39m
    [90m340| [39m  }
    [90m341| [39m  [35mif[39m (response[33m.[39mstatus [33m<[39m [34m400[39m) {
[90m [2mΓ¥»[22m tests/api/auth/login.test.ts:[2m257:7[22m[39m

[31m[2mΓÄ»ΓÄ»ΓÄ»ΓÄ»ΓÄ»ΓÄ»ΓÄ»ΓÄ»ΓÄ»ΓÄ»ΓÄ»ΓÄ»ΓÄ»ΓÄ»ΓÄ»ΓÄ»ΓÄ»ΓÄ»ΓÄ»ΓÄ»ΓÄ»ΓÄ»ΓÄ»[4/39]ΓÄ»[22m[39m

[41m[1m FAIL [22m[49m tests/api/auth/login.test.ts[2m > [22mPOST /api/auth/login[2m > [22mCase Sensitivity[2m > [22mshould handle username 
case-insensitively
[31m[1mAssertionError[22m: expected undefined to be true // Object.is equality[39m

[32m- Expected:[39m 
true

[31m+ Received:[39m 
undefined

[36m [2mΓ¥»[22m tests/api/auth/login.test.ts:[2m283:28[22m[39m
    [90m281| [39m
    [90m282| [39m      [35mconst[39m body [33m=[39m [35mawait[39m [34mgetResponseBody[39m(response)[33m;[39m
    [90m283| [39m      [34mexpect[39m(body[33m.[39msuccess)[33m.[39m[34mtoBe[39m([35mtrue[39m)[33m;[39m
    [90m   | [39m                           [31m^[39m
    [90m284| [39m    })[33m;[39m
    [90m285| [39m

[31m[2mΓÄ»ΓÄ»ΓÄ»ΓÄ»ΓÄ»ΓÄ»ΓÄ»ΓÄ»ΓÄ»ΓÄ»ΓÄ»ΓÄ»ΓÄ»ΓÄ»ΓÄ»ΓÄ»ΓÄ»ΓÄ»ΓÄ»ΓÄ»ΓÄ»ΓÄ»ΓÄ»[5/39]ΓÄ»[22m[39m

[41m[1m FAIL [22m[49m tests/api/auth/login.test.ts[2m > [22mPOST /api/auth/login[2m > [22mEdge Cases[2m > [22mshould reject SQL injection attempts
[31m[1mError[22m: Expected status 401, got 400[39m
[36m [2mΓ¥»[22m assertErrorResponse tests/utils/testHelpers.ts:[2m339:11[22m[39m
    [90m337| [39mexport function assertErrorResponse(response: Response, expectedStatusΓÇª
    [90m338| [39m  [35mif[39m (expectedStatus [33m&&[39m response[33m.[39mstatus [33m!==[39m expectedStatus) {
    [90m339| [39m    throw new Error(`Expected status ${expectedStatus}, got ${responseΓÇª
    [90m   | [39m          [31m^[39m
    [90m340| [39m  }
    [90m341| [39m  [35mif[39m (response[33m.[39mstatus [33m<[39m [34m400[39m) {
[90m [2mΓ¥»[22m tests/api/auth/login.test.ts:[2m334:7[22m[39m

[31m[2mΓÄ»ΓÄ»ΓÄ»ΓÄ»ΓÄ»ΓÄ»ΓÄ»ΓÄ»ΓÄ»ΓÄ»ΓÄ»ΓÄ»ΓÄ»ΓÄ»ΓÄ»ΓÄ»ΓÄ»ΓÄ»ΓÄ»ΓÄ»ΓÄ»ΓÄ»ΓÄ»[6/39]ΓÄ»[22m[39m

[41m[1m FAIL [22m[49m tests/api/auth/register.test.ts[2m > [22mPOST /api/auth/register[2m > [22mSuccessful Registration[2m > [22mshould register new user 
with valid data
[31m[1mAssertionError[22m: expected undefined to be true // Object.is equality[39m

[32m- Expected:[39m 
true

[31m+ Received:[39m 
undefined

[36m [2mΓ¥»[22m tests/api/auth/register.test.ts:[2m65:28[22m[39m
    [90m 63| [39m      }
    [90m 64| [39m      [34mexpect[39m(response[33m.[39mstatus)[33m.[39m[34mtoBe[39m([34m201[39m)[33m;[39m
    [90m 65| [39m      [34mexpect[39m(body[33m.[39msuccess)[33m.[39m[34mtoBe[39m([35mtrue[39m)[33m;[39m
    [90m   | [39m                           [31m^[39m
    [90m 66| [39m      [34mexpect[39m(body[33m.[39mdata[33m.[39muser)[33m.[39m[34mtoBeDefined[39m()[33m;[39m
    [90m 67| [39m      [34mexpect[39m(body[33m.[39mdata[33m.[39muser[33m.[39musername)[33m.[39m[34mtoBe[39m(username)[33m;[39m

[31m[2mΓÄ»ΓÄ»ΓÄ»ΓÄ»ΓÄ»ΓÄ»ΓÄ»ΓÄ»ΓÄ»ΓÄ»ΓÄ»ΓÄ»ΓÄ»ΓÄ»ΓÄ»ΓÄ»ΓÄ»ΓÄ»ΓÄ»ΓÄ»ΓÄ»ΓÄ»ΓÄ»[7/39]ΓÄ»[22m[39m

[41m[1m FAIL [22m[49m tests/api/auth/register.test.ts[2m > [22mPOST /api/auth/register[2m > [22mSuccessful Registration[2m > [22mshould create user in 
database
[31m[1mAssertionError[22m: expected undefined to be defined[39m
[36m [2mΓ¥»[22m tests/api/auth/register.test.ts:[2m94:34[22m[39m
    [90m 92| [39m      [34mexpect[39m(user)[33m.[39m[34mtoBeDefined[39m()[33m;[39m
    [90m 93| [39m      [34mexpect[39m(user[33m?.[39musername)[33m.[39m[34mtoBe[39m(username)[33m;[39m
    [90m 94| [39m      [34mexpect[39m(user[33m?.[39mpasswordHash)[33m.[39m[34mtoBeDefined[39m()[33m;[39m
    [90m   | [39m                                 [31m^[39m
    [90m 95| [39m      expect(user?.passwordHash).not.toContain('ValidPass123!'); // PaΓÇª
    [90m 96| [39m    })[33m;[39m

[31m[2mΓÄ»ΓÄ»ΓÄ»ΓÄ»ΓÄ»ΓÄ»ΓÄ»ΓÄ»ΓÄ»ΓÄ»ΓÄ»ΓÄ»ΓÄ»ΓÄ»ΓÄ»ΓÄ»ΓÄ»ΓÄ»ΓÄ»ΓÄ»ΓÄ»ΓÄ»ΓÄ»[8/39]ΓÄ»[22m[39m

[41m[1m FAIL [22m[49m tests/api/auth/register.test.ts[2m > [22mPOST /api/auth/register[2m > [22mSuccessful Registration[2m > [22mshould return JWT tokens 
on successful registration
[31m[1mTypeError[22m: Cannot read properties of undefined (reading 'token')[39m
[36m [2mΓ¥»[22m tests/api/auth/register.test.ts:[2m149:24[22m[39m
    [90m147| [39m      [34mexpect[39m(response[33m.[39mstatus)[33m.[39m[34mtoBe[39m([34m201[39m)[33m;[39m
    [90m148| [39m
    [90m149| [39m      [34mexpect[39m(body[33m.[39mdata[33m.[39mtoken)[33m.[39m[34mtoMatch[39m([36m/^[\w-]+\.[\w-]+\.[\w-]+$/[39m)[33m;[39m
    [90m   | [39m                       [31m^[39m
    [90m150| [39m      expect(body.data.refreshToken).toMatch(/^[\w-]+\.[\w-]+\.[\w-]+$ΓÇª
    [90m151| [39m      
[34mexpect[39m(body[33m.[39mdata[33m.[39mtoken)[33m.[39mnot[33m.[39m[34mtoBe[39m(body[33m.[39mdata[33m.[39mrefreshToken)[33m;[39m

[31m[2mΓÄ»ΓÄ»ΓÄ»ΓÄ»ΓÄ»ΓÄ»ΓÄ»ΓÄ»ΓÄ»ΓÄ»ΓÄ»ΓÄ»ΓÄ»ΓÄ»ΓÄ»ΓÄ»ΓÄ»ΓÄ»ΓÄ»ΓÄ»ΓÄ»ΓÄ»ΓÄ»[9/39]ΓÄ»[22m[39m

[41m[1m FAIL [22m[49m tests/api/auth/register.test.ts[2m > [22mPOST /api/auth/register[2m > [22mIP Banning[2m > [22mshould reject registration from banned 
IP
[31m[1mError[22m: Expected status 403, got 201[39m
[36m [2mΓ¥»[22m assertErrorResponse tests/utils/testHelpers.ts:[2m339:11[22m[39m
    [90m337| [39mexport function assertErrorResponse(response: Response, expectedStatusΓÇª
    [90m338| [39m  [35mif[39m (expectedStatus [33m&&[39m response[33m.[39mstatus [33m!==[39m expectedStatus) {
    [90m339| [39m    throw new Error(`Expected status ${expectedStatus}, got ${responseΓÇª
    [90m   | [39m          [31m^[39m
    [90m340| [39m  }
    [90m341| [39m  [35mif[39m (response[33m.[39mstatus [33m<[39m [34m400[39m) {
[90m [2mΓ¥»[22m tests/api/auth/register.test.ts:[2m382:7[22m[39m

[31m[2mΓÄ»ΓÄ»ΓÄ»ΓÄ»ΓÄ»ΓÄ»ΓÄ»ΓÄ»ΓÄ»ΓÄ»ΓÄ»ΓÄ»ΓÄ»ΓÄ»ΓÄ»ΓÄ»ΓÄ»ΓÄ»ΓÄ»ΓÄ»ΓÄ»ΓÄ»[10/39]ΓÄ»[22m[39m

[41m[1m FAIL [22m[49m tests/api/auth/register.test.ts[2m > [22mPOST /api/auth/register[2m > [22mEdge Cases[2m > [22mshould handle special characters in 
player_name
[31m[1mTypeError[22m: Cannot read properties of undefined (reading 'user')[39m
[36m [2mΓ¥»[22m tests/api/auth/register.test.ts:[2m435:24[22m[39m
    [90m433| [39m      [34mexpect[39m(response[33m.[39mstatus)[33m.[39m[34mtoBe[39m([34m201[39m)[33m;[39m
    [90m434| [39m
    [90m435| [39m      [34mexpect[39m(body[33m.[39mdata[33m.[39muser[33m.[39mplayer_name)[33m.[39m[34mtoBe[39m([32m"O'Neil-Smith Jr."[39m)[33m;[39m
    [90m   | [39m                       [31m^[39m
    [90m436| [39m    })[33m;[39m
    [90m437| [39m

[31m[2mΓÄ»ΓÄ»ΓÄ»ΓÄ»ΓÄ»ΓÄ»ΓÄ»ΓÄ»ΓÄ»ΓÄ»ΓÄ»ΓÄ»ΓÄ»ΓÄ»ΓÄ»ΓÄ»ΓÄ»ΓÄ»ΓÄ»ΓÄ»ΓÄ»ΓÄ»[11/39]ΓÄ»[22m[39m

[41m[1m FAIL [22m[49m tests/api/auth/refresh.test.ts[2m > [22mPOST /api/auth/refresh[2m > [22mSuccessful Token Refresh[2m > [22mshould issue tokens with 
correct user data
[31m[1mAssertionError[22m: expected 3 to be '3' // Object.is equality[39m

[32m- Expected:[39m 
"3"

[31m+ Received:[39m 
3

[36m [2mΓ¥»[22m tests/api/auth/refresh.test.ts:[2m117:30[22m[39m
    [90m115| [39m      [35mconst[39m { verifyAccessToken } [33m=[39m [35mawait[39m [35mimport[39m([32m'@/lib/auth/jwt'[39m)[33m;[39m
    [90m116| [39m      [35mconst[39m decoded [33m=[39m [34mverifyAccessToken[39m(body[33m.[39mtoken)[33m;[39m
    [90m117| [39m      [34mexpect[39m(decoded[33m.[39muserId)[33m.[39m[34mtoBe[39m(testUser[33m.[39mid[33m.[39m[34mtoString[39m())[33m;[39m
    [90m   | [39m                             [31m^[39m
    [90m118| [39m      [34mexpect[39m(decoded[33m.[39musername)[33m.[39m[34mtoBe[39m([32m'datauser'[39m)[33m;[39m
    [90m119| [39m    })[33m;[39m

[31m[2mΓÄ»ΓÄ»ΓÄ»ΓÄ»ΓÄ»ΓÄ»ΓÄ»ΓÄ»ΓÄ»ΓÄ»ΓÄ»ΓÄ»ΓÄ»ΓÄ»ΓÄ»ΓÄ»ΓÄ»ΓÄ»ΓÄ»ΓÄ»ΓÄ»ΓÄ»[12/39]ΓÄ»[22m[39m

[41m[1m FAIL [22m[49m tests/api/auth/refresh.test.ts[2m > [22mPOST /api/auth/refresh[2m > [22mEdge Cases[2m > [22mshould handle multiple consecutive 
refresh requests
[31m[1mAssertionError[22m: expected 'eyJhbGciOiJIUzI1NiIsInR5cCI6IkpXVCJ9.ΓÇª' not to be 'eyJhbGciOiJIUzI1NiIsInR5cCI6IkpXVCJ9.ΓÇª' // Object.is equality[39m
[36m [2mΓ¥»[22m tests/api/auth/refresh.test.ts:[2m314:39[22m[39m
    [90m312| [39m
    [90m313| [39m        [90m// Verify each token is different[39m
    [90m314| [39m        [34mexpect[39m(body[33m.[39mrefreshToken)[33m.[39mnot[33m.[39m[34mtoBe[39m(currentRefreshToken)[33m;[39m
    [90m   | [39m                                      [31m^[39m
    [90m315| [39m      }
    [90m316| [39m    })[33m;[39m

[31m[2mΓÄ»ΓÄ»ΓÄ»ΓÄ»ΓÄ»ΓÄ»ΓÄ»ΓÄ»ΓÄ»ΓÄ»ΓÄ»ΓÄ»ΓÄ»ΓÄ»ΓÄ»ΓÄ»ΓÄ»ΓÄ»ΓÄ»ΓÄ»ΓÄ»ΓÄ»[13/39]ΓÄ»[22m[39m

[41m[1m FAIL [22m[49m tests/api/corporation/create.test.ts[2m > [22mPOST /api/corporation[2m > [22mSuccessful Corporation Creation[2m > [22mshould create 
corporation with valid data
[31m[1mError[22m: Expected status 201, got 400[39m
[36m [2mΓ¥»[22m assertSuccessResponse tests/utils/testHelpers.ts:[2m327:11[22m[39m
    [90m325| [39mexport function assertSuccessResponse(response: Response, expectedStatΓÇª
    [90m326| [39m  [35mif[39m (response[33m.[39mstatus [33m!==[39m expectedStatus) {
    [90m327| [39m    throw new Error(`Expected status ${expectedStatus}, got ${responseΓÇª
    [90m   | [39m          [31m^[39m
    [90m328| [39m  }
    [90m329| [39m}
[90m [2mΓ¥»[22m tests/api/corporation/create.test.ts:[2m56:7[22m[39m

[31m[2mΓÄ»ΓÄ»ΓÄ»ΓÄ»ΓÄ»ΓÄ»ΓÄ»ΓÄ»ΓÄ»ΓÄ»ΓÄ»ΓÄ»ΓÄ»ΓÄ»ΓÄ»ΓÄ»ΓÄ»ΓÄ»ΓÄ»ΓÄ»ΓÄ»ΓÄ»[14/39]ΓÄ»[22m[39m

[41m[1m FAIL [22m[49m tests/api/corporation/create.test.ts[2m > [22mPOST /api/corporation[2m > [22mSuccessful Corporation Creation[2m > [22mshould create 
corporation with default values
[31m[1mAssertionError[22m: expected undefined to be 500000 // Object.is equality[39m

[32m- Expected:[39m 
500000

[31m+ Received:[39m 
undefined

[36m [2mΓ¥»[22m tests/api/corporation/create.test.ts:[2m82:27[22m[39m
    [90m 80| [39m      [35mconst[39m body [33m=[39m [35mawait[39m [34mgetResponseBody[39m(response)[33m;[39m
    [90m 81| [39m
    [90m 82| [39m      [34mexpect[39m(body[33m.[39mshares)[33m.[39m[34mtoBe[39m([34m500000[39m)[33m;[39m
    [90m   | [39m                          [31m^[39m
    [90m 83| [39m      [34mexpect[39m(body[33m.[39mpublic_shares)[33m.[39m[34mtoBe[39m([34m100000[39m)[33m;[39m
    [90m 84| [39m      [34mexpect[39m(body[33m.[39mshare_price)[33m.[39m[34mtoBe[39m([34m1.00[39m)[33m;[39m

[31m[2mΓÄ»ΓÄ»ΓÄ»ΓÄ»ΓÄ»ΓÄ»ΓÄ»ΓÄ»ΓÄ»ΓÄ»ΓÄ»ΓÄ»ΓÄ»ΓÄ»ΓÄ»ΓÄ»ΓÄ»ΓÄ»ΓÄ»ΓÄ»ΓÄ»ΓÄ»[15/39]ΓÄ»[22m[39m

[41m[1m FAIL [22m[49m tests/api/corporation/create.test.ts[2m > [22mPOST /api/corporation[2m > [22mSuccessful Corporation Creation[2m > [22mshould create 
shareholder record for CEO with 400,000 shares
[31m[1mAssertionError[22m: expected +0 to be 400000 // Object.is equality[39m

[32m- Expected[39m
[31m+ Received[39m

[32m- 400000[39m
[31m+ 0[39m

[36m [2mΓ¥»[22m tests/api/corporation/create.test.ts:[2m111:25[22m[39m
    [90m109| [39m
    [90m110| [39m      [35mconst[39m ceoShares [33m=[39m [35mawait[39m [34mgetUserShares[39m(user[33m.[39mid[33m,[39m body[33m.[39mid)[33m;[39m
    [90m111| [39m      [34mexpect[39m(ceoShares)[33m.[39m[34mtoBe[39m([34m400000[39m)[33m;[39m
    [90m   | [39m                        [31m^[39m
    [90m112| [39m    })[33m;[39m
    [90m113| [39m

[31m[2mΓÄ»ΓÄ»ΓÄ»ΓÄ»ΓÄ»ΓÄ»ΓÄ»ΓÄ»ΓÄ»ΓÄ»ΓÄ»ΓÄ»ΓÄ»ΓÄ»ΓÄ»ΓÄ»ΓÄ»ΓÄ»ΓÄ»ΓÄ»ΓÄ»ΓÄ»[16/39]ΓÄ»[22m[39m

[41m[1m FAIL [22m[49m tests/api/corporation/create.test.ts[2m > [22mPOST /api/corporation[2m > [22mSuccessful Corporation Creation[2m > [22mshould create 
founding transaction record
[31m[1mAssertionError[22m: expected undefined to be 500000 // Object.is equality[39m

[32m- Expected:[39m 
500000

[31m+ Received:[39m 
undefined

[36m [2mΓ¥»[22m tests/api/corporation/create.test.ts:[2m140:35[22m[39m
    [90m138| [39m
    [90m139| [39m      [34mexpect[39m(transaction)[33m.[39m[34mtoBeDefined[39m()[33m;[39m
    [90m140| [39m      [34mexpect[39m(transaction[33m?.[39mamount)[33m.[39m[34mtoBe[39m([34m500000[39m)[33m;[39m
    [90m   | [39m                                  [31m^[39m
    [90m141| [39m      [34mexpect[39m(transaction[33m?.[39mdescription)[33m.[39m[34mtoContain[39m([32m'Founded'[39m)[33m;[39m
    [90m142| [39m      [34mexpect[39m(transaction[33m?.[39mdescription)[33m.[39m[34mtoContain[39m(body[33m.[39mname)[33m;[39m

[31m[2mΓÄ»ΓÄ»ΓÄ»ΓÄ»ΓÄ»ΓÄ»ΓÄ»ΓÄ»ΓÄ»ΓÄ»ΓÄ»ΓÄ»ΓÄ»ΓÄ»ΓÄ»ΓÄ»ΓÄ»ΓÄ»ΓÄ»ΓÄ»ΓÄ»ΓÄ»[17/39]ΓÄ»[22m[39m

[41m[1m FAIL [22m[49m tests/api/corporation/create.test.ts[2m > [22mPOST /api/corporation[2m > [22mSuccessful Corporation Creation[2m > [22mshould handle 
special characters in corporation name
[31m[1mError[22m: Expected status 201, got 400[39m
[36m [2mΓ¥»[22m assertSuccessResponse tests/utils/testHelpers.ts:[2m327:11[22m[39m
    [90m325| [39mexport function assertSuccessResponse(response: Response, expectedStatΓÇª
    [90m326| [39m  [35mif[39m (response[33m.[39mstatus [33m!==[39m expectedStatus) {
    [90m327| [39m    throw new Error(`Expected status ${expectedStatus}, got ${responseΓÇª
    [90m   | [39m          [31m^[39m
    [90m328| [39m  }
    [90m329| [39m}
[90m [2mΓ¥»[22m tests/api/corporation/create.test.ts:[2m160:7[22m[39m

[31m[2mΓÄ»ΓÄ»ΓÄ»ΓÄ»ΓÄ»ΓÄ»ΓÄ»ΓÄ»ΓÄ»ΓÄ»ΓÄ»ΓÄ»ΓÄ»ΓÄ»ΓÄ»ΓÄ»ΓÄ»ΓÄ»ΓÄ»ΓÄ»ΓÄ»ΓÄ»[18/39]ΓÄ»[22m[39m

[41m[1m FAIL [22m[49m tests/api/corporation/create.test.ts[2m > [22mPOST /api/corporation[2m > [22mOwnership Limits[2m > [22mshould prevent creating 
second corporation as CEO
[31m[1mAssertionError[22m: expected 'Validation failed' to match /only be CEO of one corporation/i[39m

[32m- Expected:[39m 
/only be CEO of one corporation/i

[31m+ Received:[39m 
"Validation failed"

[36m [2mΓ¥»[22m tests/api/corporation/create.test.ts:[2m316:26[22m[39m
    [90m314| [39m
    [90m315| [39m      [35mconst[39m body [33m=[39m [35mawait[39m [34mgetResponseBody[39m(response)[33m;[39m
    [90m316| [39m      [34mexpect[39m(body[33m.[39merror)[33m.[39m[34mtoMatch[39m([36m/only be CEO of one corporation/i[39m)[33m;[39m
    [90m   | [39m                         [31m^[39m
    [90m317| [39m      [34mexpect[39m(body[33m.[39mexistingCorporation)[33m.[39m[34mtoBeDefined[39m()[33m;[39m
    [90m318| [39m      [34mexpect[39m(body[33m.[39mexistingCorporation[33m.[39mid)[33m.[39m[34mtoBe[39m(existingCorp[33m.[39mid)[33m;[39m

[31m[2mΓÄ»ΓÄ»ΓÄ»ΓÄ»ΓÄ»ΓÄ»ΓÄ»ΓÄ»ΓÄ»ΓÄ»ΓÄ»ΓÄ»ΓÄ»ΓÄ»ΓÄ»ΓÄ»ΓÄ»ΓÄ»ΓÄ»ΓÄ»ΓÄ»ΓÄ»[19/39]ΓÄ»[22m[39m

[41m[1m FAIL [22m[49m tests/api/corporation/create.test.ts[2m > [22mPOST /api/corporation[2m > [22mOwnership Limits[2m > [22mshould provide existing 
corporation details in error
[31m[1mTypeError[22m: Cannot read properties of undefined (reading 'name')[39m
[36m [2mΓ¥»[22m tests/api/corporation/create.test.ts:[2m342:39[22m[39m
    [90m340| [39m      [35mconst[39m body [33m=[39m [35mawait[39m [34mgetResponseBody[39m(response)[33m;[39m
    [90m341| [39m
    [90m342| [39m      [34mexpect[39m(body[33m.[39mexistingCorporation[33m.[39mname)[33m.[39m[34mtoBe[39m([32m'First Corporation'[39m)[33m;[39m
    [90m   | [39m                                      [31m^[39m
    [90m343| [39m      [34mexpect[39m(body[33m.[39mexistingCorporation[33m.[39mid)[33m.[39m[34mtoBe[39m(existingCorp[33m.[39mid)[33m;[39m
    [90m344| [39m    })[33m;[39m

[31m[2mΓÄ»ΓÄ»ΓÄ»ΓÄ»ΓÄ»ΓÄ»ΓÄ»ΓÄ»ΓÄ»ΓÄ»ΓÄ»ΓÄ»ΓÄ»ΓÄ»ΓÄ»ΓÄ»ΓÄ»ΓÄ»ΓÄ»ΓÄ»ΓÄ»ΓÄ»[20/39]ΓÄ»[22m[39m

[41m[1m FAIL [22m[49m tests/api/corporation/create.test.ts[2m > [22mPOST /api/corporation[2m > [22mEdge Cases[2m > [22mshould trim whitespace from 
corporation name
[31m[1mError[22m: Expected status 201, got 400[39m
[36m [2mΓ¥»[22m assertSuccessResponse tests/utils/testHelpers.ts:[2m327:11[22m[39m
    [90m325| [39mexport function assertSuccessResponse(response: Response, expectedStatΓÇª
    [90m326| [39m  [35mif[39m (response[33m.[39mstatus [33m!==[39m expectedStatus) {
    [90m327| [39m    throw new Error(`Expected status ${expectedStatus}, got ${responseΓÇª
    [90m   | [39m          [31m^[39m
    [90m328| [39m  }
    [90m329| [39m}
[90m [2mΓ¥»[22m tests/api/corporation/create.test.ts:[2m395:7[22m[39m

[31m[2mΓÄ»ΓÄ»ΓÄ»ΓÄ»ΓÄ»ΓÄ»ΓÄ»ΓÄ»ΓÄ»ΓÄ»ΓÄ»ΓÄ»ΓÄ»ΓÄ»ΓÄ»ΓÄ»ΓÄ»ΓÄ»ΓÄ»ΓÄ»ΓÄ»ΓÄ»[21/39]ΓÄ»[22m[39m

[41m[1m FAIL [22m[49m tests/api/corporation/create.test.ts[2m > [22mPOST /api/corporation[2m > [22mEdge Cases[2m > [22mshould handle sector case variations
[31m[1mError[22m: Expected status 201, got 400[39m
[36m [2mΓ¥»[22m assertSuccessResponse tests/utils/testHelpers.ts:[2m327:11[22m[39m
    [90m325| [39mexport function assertSuccessResponse(response: Response, expectedStatΓÇª
    [90m326| [39m  [35mif[39m (response[33m.[39mstatus [33m!==[39m expectedStatus) {
    [90m327| [39m    throw new Error(`Expected status ${expectedStatus}, got ${responseΓÇª
    [90m   | [39m          [31m^[39m
    [90m328| [39m  }
    [90m329| [39m}
[90m [2mΓ¥»[22m tests/api/corporation/create.test.ts:[2m416:7[22m[39m

[31m[2mΓÄ»ΓÄ»ΓÄ»ΓÄ»ΓÄ»ΓÄ»ΓÄ»ΓÄ»ΓÄ»ΓÄ»ΓÄ»ΓÄ»ΓÄ»ΓÄ»ΓÄ»ΓÄ»ΓÄ»ΓÄ»ΓÄ»ΓÄ»ΓÄ»ΓÄ»[22/39]ΓÄ»[22m[39m

[41m[1m FAIL [22m[49m tests/api/corporation/management.test.ts[2m > [22mCorporation Management API[2m > [22mGET /api/corporation/[id][2m > [22mSuccessful 
Retrieval[2m > [22mshould include shareholders list
[31m[1mAssertionError[22m: expected 0 to be greater than 0[39m
[36m [2mΓ¥»[22m tests/api/corporation/management.test.ts:[2m90:42[22m[39m
    [90m 88| [39m        [34mexpect[39m(body[33m.[39mshareholders)[33m.[39m[34mtoBeDefined[39m()[33m;[39m
    [90m 89| [39m        
[34mexpect[39m([33mArray[39m[33m.[39m[34misArray[39m(body[33m.[39mshareholders))[33m.[39m[34mtoBe[39m([35mtrue[39m)[33m;[39m
    [90m 90| [39m        [34mexpect[39m(body[33m.[39mshareholders[33m.[39mlength)[33m.[39m[34mtoBeGreaterThan[39m([34m0[39m)[33m;[39m
    [90m   | [39m                                         [31m^[39m
    [90m 91| [39m      })[33m;[39m
    [90m 92| [39m

[31m[2mΓÄ»ΓÄ»ΓÄ»ΓÄ»ΓÄ»ΓÄ»ΓÄ»ΓÄ»ΓÄ»ΓÄ»ΓÄ»ΓÄ»ΓÄ»ΓÄ»ΓÄ»ΓÄ»ΓÄ»ΓÄ»ΓÄ»ΓÄ»ΓÄ»ΓÄ»[23/39]ΓÄ»[22m[39m

[41m[1m FAIL [22m[49m tests/api/corporation/management.test.ts[2m > [22mCorporation Management API[2m > [22mGET /api/corporation/[id][2m > [22mSuccessful 
Retrieval[2m > [22mshould include user details with each shareholder
[31m[1mTypeError[22m: Cannot read properties of undefined (reading 'user')[39m
[36m [2mΓ¥»[22m tests/api/corporation/management.test.ts:[2m105:28[22m[39m
    [90m103| [39m
    [90m104| [39m        [35mconst[39m shareholder [33m=[39m body[33m.[39mshareholders[[34m0[39m][33m;[39m
    [90m105| [39m        [34mexpect[39m(shareholder[33m.[39muser)[33m.[39m[34mtoBeDefined[39m()[33m;[39m
    [90m   | [39m                           [31m^[39m
    [90m106| [39m        [34mexpect[39m(shareholder[33m.[39muser[33m.[39musername)[33m.[39m[34mtoBeDefined[39m()[33m;[39m
    [90m107| [39m        [34mexpect[39m(shareholder[33m.[39mshares)[33m.[39m[34mtoBeGreaterThan[39m([34m0[39m)[33m;[39m

[31m[2mΓÄ»ΓÄ»ΓÄ»ΓÄ»ΓÄ»ΓÄ»ΓÄ»ΓÄ»ΓÄ»ΓÄ»ΓÄ»ΓÄ»ΓÄ»ΓÄ»ΓÄ»ΓÄ»ΓÄ»ΓÄ»ΓÄ»ΓÄ»ΓÄ»ΓÄ»[24/39]ΓÄ»[22m[39m

[41m[1m FAIL [22m[49m tests/api/corporation/management.test.ts[2m > [22mCorporation Management API[2m > [22mPATCH /api/corporation/[id][2m > 
[22mSuccessful Updates[2m > [22mshould allow CEO to update focus
[31m[1mError[22m: Expected status 200, got 400[39m
[36m [2mΓ¥»[22m assertSuccessResponse tests/utils/testHelpers.ts:[2m327:11[22m[39m
    [90m325| [39mexport function assertSuccessResponse(response: Response, expectedStatΓÇª
    [90m326| [39m  [35mif[39m (response[33m.[39mstatus [33m!==[39m expectedStatus) {
    [90m327| [39m    throw new Error(`Expected status ${expectedStatus}, got ${responseΓÇª
    [90m   | [39m          [31m^[39m
    [90m328| [39m  }
    [90m329| [39m}
[90m [2mΓ¥»[22m tests/api/corporation/management.test.ts:[2m202:9[22m[39m

[31m[2mΓÄ»ΓÄ»ΓÄ»ΓÄ»ΓÄ»ΓÄ»ΓÄ»ΓÄ»ΓÄ»ΓÄ»ΓÄ»ΓÄ»ΓÄ»ΓÄ»ΓÄ»ΓÄ»ΓÄ»ΓÄ»ΓÄ»ΓÄ»ΓÄ»ΓÄ»[25/39]ΓÄ»[22m[39m

[41m[1m FAIL [22m[49m tests/api/shares/buy.test.ts[2m > [22mPOST /api/shares/[id]/buy[2m > [22mSuccessful Share Purchase[2m > [22mshould update 
shareholder record correctly
[31m[1mAssertionError[22m: expected 100 to be 115 // Object.is equality[39m

[32m- Expected[39m
[31m+ Received[39m

[32m- 115[39m
[31m+ 100[39m

[36m [2mΓ¥»[22m tests/api/shares/buy.test.ts:[2m105:25[22m[39m
    [90m103| [39m
    [90m104| [39m      const newShares = await getUserShares(scenario.user.id, scenarioΓÇª
    [90m105| [39m      [34mexpect[39m(newShares)[33m.[39m[34mtoBe[39m(initialShares[33m.[39mquantity [33m+[39m [34m15[39m)[33m;[39m
    [90m   | [39m                        [31m^[39m
    [90m106| [39m    })[33m;[39m
    [90m107| [39m

[31m[2mΓÄ»ΓÄ»ΓÄ»ΓÄ»ΓÄ»ΓÄ»ΓÄ»ΓÄ»ΓÄ»ΓÄ»ΓÄ»ΓÄ»ΓÄ»ΓÄ»ΓÄ»ΓÄ»ΓÄ»ΓÄ»ΓÄ»ΓÄ»ΓÄ»ΓÄ»[26/39]ΓÄ»[22m[39m

[41m[1m FAIL [22m[49m tests/api/shares/buy.test.ts[2m > [22mPOST /api/shares/[id]/buy[2m > [22mInsufficient Funds[2m > [22mshould reject purchase with 
insufficient cash
[31m[1mError[22m: Expected status 400, got 200[39m
[36m [2mΓ¥»[22m assertErrorResponse tests/utils/testHelpers.ts:[2m339:11[22m[39m
    [90m337| [39mexport function assertErrorResponse(response: Response, expectedStatusΓÇª
    [90m338| [39m  [35mif[39m (expectedStatus [33m&&[39m response[33m.[39mstatus [33m!==[39m expectedStatus) {
    [90m339| [39m    throw new Error(`Expected status ${expectedStatus}, got ${responseΓÇª
    [90m   | [39m          [31m^[39m
    [90m340| [39m  }
    [90m341| [39m  [35mif[39m (response[33m.[39mstatus [33m<[39m [34m400[39m) {
[90m [2mΓ¥»[22m tests/api/shares/buy.test.ts:[2m313:7[22m[39m

[31m[2mΓÄ»ΓÄ»ΓÄ»ΓÄ»ΓÄ»ΓÄ»ΓÄ»ΓÄ»ΓÄ»ΓÄ»ΓÄ»ΓÄ»ΓÄ»ΓÄ»ΓÄ»ΓÄ»ΓÄ»ΓÄ»ΓÄ»ΓÄ»ΓÄ»ΓÄ»[27/39]ΓÄ»[22m[39m

[41m[1m FAIL [22m[49m tests/api/shares/buy.test.ts[2m > [22mPOST /api/shares/[id]/buy[2m > [22mInsufficient Funds[2m > [22mshould provide helpful error 
message with required amount
[31m[1mAssertionError[22m: the given combination of arguments (undefined and string) is invalid for this assertion. You can use an array, a map, an object, a 
set, a string, or a weakset instead of a string[39m
[36m [2mΓ¥»[22m tests/api/shares/buy.test.ts:[2m338:26[22m[39m
    [90m336| [39m      [35mconst[39m body [33m=[39m [35mawait[39m [34mgetResponseBody[39m(response)[33m;[39m
    [90m337| [39m
    [90m338| [39m      [34mexpect[39m(body[33m.[39merror)[33m.[39m[34mtoContain[39m([32m'$'[39m)[33m;[39m
    [90m   | [39m                         [31m^[39m
    [90m339| [39m      [34mexpect[39m(body[33m.[39merror)[33m.[39m[34mtoMatch[39m([36m/have.*need/i[39m)[33m;[39m
    [90m340| [39m    })[33m;[39m

[31m[2mΓÄ»ΓÄ»ΓÄ»ΓÄ»ΓÄ»ΓÄ»ΓÄ»ΓÄ»ΓÄ»ΓÄ»ΓÄ»ΓÄ»ΓÄ»ΓÄ»ΓÄ»ΓÄ»ΓÄ»ΓÄ»ΓÄ»ΓÄ»ΓÄ»ΓÄ»[28/39]ΓÄ»[22m[39m

[41m[1m FAIL [22m[49m tests/api/shares/buy.test.ts[2m > [22mPOST /api/shares/[id]/buy[2m > [22mShare Availability[2m > [22mshould allow purchase of all 
remaining public shares
[31m[1mError[22m: Expected status 200, got 400[39m
[36m [2mΓ¥»[22m assertSuccessResponse tests/utils/testHelpers.ts:[2m327:11[22m[39m
    [90m325| [39mexport function assertSuccessResponse(response: Response, expectedStatΓÇª
    [90m326| [39m  [35mif[39m (response[33m.[39mstatus [33m!==[39m expectedStatus) {
    [90m327| [39m    throw new Error(`Expected status ${expectedStatus}, got ${responseΓÇª
    [90m   | [39m          [31m^[39m
    [90m328| [39m  }
    [90m329| [39m}
[90m [2mΓ¥»[22m tests/api/shares/buy.test.ts:[2m385:7[22m[39m

[31m[2mΓÄ»ΓÄ»ΓÄ»ΓÄ»ΓÄ»ΓÄ»ΓÄ»ΓÄ»ΓÄ»ΓÄ»ΓÄ»ΓÄ»ΓÄ»ΓÄ»ΓÄ»ΓÄ»ΓÄ»ΓÄ»ΓÄ»ΓÄ»ΓÄ»ΓÄ»[29/39]ΓÄ»[22m[39m

[41m[1m FAIL [22m[49m tests/api/shares/sell.test.ts[2m > [22mPOST /api/shares/[id]/sell[2m > [22mSuccessful Share Sale[2m > [22mshould sell shares with 
valid data and sufficient holdings
[31m[1mError[22m: Expected status 200, got 400[39m
[36m [2mΓ¥»[22m assertSuccessResponse tests/utils/testHelpers.ts:[2m327:11[22m[39m
    [90m325| [39mexport function assertSuccessResponse(response: Response, expectedStatΓÇª
    [90m326| [39m  [35mif[39m (response[33m.[39mstatus [33m!==[39m expectedStatus) {
    [90m327| [39m    throw new Error(`Expected status ${expectedStatus}, got ${responseΓÇª
    [90m   | [39m          [31m^[39m
    [90m328| [39m  }
    [90m329| [39m}
[90m [2mΓ¥»[22m tests/api/shares/sell.test.ts:[2m57:7[22m[39m

[31m[2mΓÄ»ΓÄ»ΓÄ»ΓÄ»ΓÄ»ΓÄ»ΓÄ»ΓÄ»ΓÄ»ΓÄ»ΓÄ»ΓÄ»ΓÄ»ΓÄ»ΓÄ»ΓÄ»ΓÄ»ΓÄ»ΓÄ»ΓÄ»ΓÄ»ΓÄ»[30/39]ΓÄ»[22m[39m

[41m[1m FAIL [22m[49m tests/api/shares/sell.test.ts[2m > [22mPOST /api/shares/[id]/sell[2m > [22mSuccessful Share Sale[2m > [22mshould add proceeds to 
user cash
[31m[1mAssertionError[22m: expected 100000 to be NaN // Object.is equality[39m

[32m- Expected[39m
[31m+ Received[39m

[32m- NaN[39m
[31m+ 100000[39m

[36m [2mΓ¥»[22m tests/api/shares/sell.test.ts:[2m87:24[22m[39m
    [90m 85| [39m        [33m:[39m updatedUser[33m?.[39mcash [33m||[39m [34m0[39m[33m;[39m
    [90m 86| [39m      
    [90m 87| [39m      [34mexpect[39m(userCash)[33m.[39m[34mtoBe[39m(initialCash [33m+[39m body[33m.[39mtotal_proceeds)[33m;[39m
    [90m   | [39m                       [31m^[39m
    [90m 88| [39m    })[33m;[39m
    [90m 89| [39m

[31m[2mΓÄ»ΓÄ»ΓÄ»ΓÄ»ΓÄ»ΓÄ»ΓÄ»ΓÄ»ΓÄ»ΓÄ»ΓÄ»ΓÄ»ΓÄ»ΓÄ»ΓÄ»ΓÄ»ΓÄ»ΓÄ»ΓÄ»ΓÄ»ΓÄ»ΓÄ»[31/39]ΓÄ»[22m[39m

[41m[1m FAIL [22m[49m tests/api/shares/sell.test.ts[2m > [22mPOST /api/shares/[id]/sell[2m > [22mSuccessful Share Sale[2m > [22mshould reduce shareholder 
holdings correctly
[31m[1mAssertionError[22m: expected 100 to be 92 // Object.is equality[39m

[32m- Expected[39m
[31m+ Received[39m

[32m- 92[39m
[31m+ 100[39m

[36m [2mΓ¥»[22m tests/api/shares/sell.test.ts:[2m106:25[22m[39m
    [90m104| [39m
    [90m105| [39m      const newShares = await getUserShares(scenario.user.id, scenarioΓÇª
    [90m106| [39m      [34mexpect[39m(newShares)[33m.[39m[34mtoBe[39m(initialShares[33m.[39mquantity [33m-[39m [34m8[39m)[33m;[39m
    [90m   | [39m                        [31m^[39m
    [90m107| [39m    })[33m;[39m
    [90m108| [39m

[31m[2mΓÄ»ΓÄ»ΓÄ»ΓÄ»ΓÄ»ΓÄ»ΓÄ»ΓÄ»ΓÄ»ΓÄ»ΓÄ»ΓÄ»ΓÄ»ΓÄ»ΓÄ»ΓÄ»ΓÄ»ΓÄ»ΓÄ»ΓÄ»ΓÄ»ΓÄ»[32/39]ΓÄ»[22m[39m

[41m[1m FAIL [22m[49m tests/api/shares/sell.test.ts[2m > [22mPOST /api/shares/[id]/sell[2m > [22mSuccessful Share Sale[2m > [22mshould increase public 
shares in corporation
[31m[1mAssertionError[22m: expected 100000 to be 100012 // Object.is equality[39m

[32m- Expected[39m
[31m+ Received[39m

[32m- 100012[39m
[31m+ 100000[39m

[36m [2mΓ¥»[22m tests/api/shares/sell.test.ts:[2m126:42[22m[39m
    [90m124| [39m
    [90m125| [39m      const updatedCorp = await findCorporationByTicker(scenario.corpoΓÇª
    [90m126| [39m      expect(updatedCorp?.public_shares).toBe(initialPublicShares + 12ΓÇª
    [90m   | [39m                                         [31m^[39m
    [90m127| [39m    })[33m;[39m
    [90m128| [39m

[31m[2mΓÄ»ΓÄ»ΓÄ»ΓÄ»ΓÄ»ΓÄ»ΓÄ»ΓÄ»ΓÄ»ΓÄ»ΓÄ»ΓÄ»ΓÄ»ΓÄ»ΓÄ»ΓÄ»ΓÄ»ΓÄ»ΓÄ»ΓÄ»ΓÄ»ΓÄ»[33/39]ΓÄ»[22m[39m

[41m[1m FAIL [22m[49m tests/api/shares/sell.test.ts[2m > [22mPOST /api/shares/[id]/sell[2m > [22mSuccessful Share Sale[2m > [22mshould create share 
transaction record
[31m[1mAssertionError[22m: expected undefined to be 6 // Object.is equality[39m

[32m- Expected:[39m 
6

[31m+ Received:[39m 
undefined

[36m [2mΓ¥»[22m tests/api/shares/sell.test.ts:[2m153:35[22m[39m
    [90m151| [39m
    [90m152| [39m      [34mexpect[39m(transaction)[33m.[39m[34mtoBeDefined[39m()[33m;[39m
    [90m153| [39m      [34mexpect[39m(transaction[33m?.[39mshares)[33m.[39m[34mtoBe[39m([34m6[39m)[33m;[39m
    [90m   | [39m                                  [31m^[39m
    [90m154| [39m      [34mexpect[39m(transaction[33m?.[39mprice_per_share)[33m.[39m[34mtoBe[39m(body[33m.[39mprice)[33m;[39m
    [90m155| [39m    })[33m;[39m

[31m[2mΓÄ»ΓÄ»ΓÄ»ΓÄ»ΓÄ»ΓÄ»ΓÄ»ΓÄ»ΓÄ»ΓÄ»ΓÄ»ΓÄ»ΓÄ»ΓÄ»ΓÄ»ΓÄ»ΓÄ»ΓÄ»ΓÄ»ΓÄ»ΓÄ»ΓÄ»[34/39]ΓÄ»[22m[39m

[41m[1m FAIL [22m[49m tests/api/shares/sell.test.ts[2m > [22mPOST /api/shares/[id]/sell[2m > [22mSuccessful Share Sale[2m > [22mshould handle sell price 
with 1% discount (0.99x)
[31m[1mTypeError[22m: actual value must be number or bigint, received "undefined"[39m
[36m [2mΓ¥»[22m tests/api/shares/sell.test.ts:[2m173:26[22m[39m
    [90m171| [39m
    [90m172| [39m      [90m// Sell price should include 1% discount[39m
    [90m173| [39m      [34mexpect[39m(body[33m.[39mprice)[33m.[39m[34mtoBeGreaterThan[39m([34m0[39m)[33m;[39m
    [90m   | [39m                         [31m^[39m
    [90m174| [39m      [34mexpect[39m(body[33m.[39mtotal_proceeds)[33m.[39m[34mtoBe[39m(body[33m.[39mprice [33m*[39m [34m1[39m)[33m;[39m
    [90m175| [39m    })[33m;[39m

[31m[2mΓÄ»ΓÄ»ΓÄ»ΓÄ»ΓÄ»ΓÄ»ΓÄ»ΓÄ»ΓÄ»ΓÄ»ΓÄ»ΓÄ»ΓÄ»ΓÄ»ΓÄ»ΓÄ»ΓÄ»ΓÄ»ΓÄ»ΓÄ»ΓÄ»ΓÄ»[35/39]ΓÄ»[22m[39m

[41m[1m FAIL [22m[49m tests/api/shares/sell.test.ts[2m > [22mPOST /api/shares/[id]/sell[2m > [22mSuccessful Share Sale[2m > [22mshould allow selling all 
owned shares
[31m[1mError[22m: Expected status 200, got 400[39m
[36m [2mΓ¥»[22m assertSuccessResponse tests/utils/testHelpers.ts:[2m327:11[22m[39m
    [90m325| [39mexport function assertSuccessResponse(response: Response, expectedStatΓÇª
    [90m326| [39m  [35mif[39m (response[33m.[39mstatus [33m!==[39m expectedStatus) {
    [90m327| [39m    throw new Error(`Expected status ${expectedStatus}, got ${responseΓÇª
    [90m   | [39m          [31m^[39m
    [90m328| [39m  }
    [90m329| [39m}
[90m [2mΓ¥»[22m tests/api/shares/sell.test.ts:[2m191:7[22m[39m

[31m[2mΓÄ»ΓÄ»ΓÄ»ΓÄ»ΓÄ»ΓÄ»ΓÄ»ΓÄ»ΓÄ»ΓÄ»ΓÄ»ΓÄ»ΓÄ»ΓÄ»ΓÄ»ΓÄ»ΓÄ»ΓÄ»ΓÄ»ΓÄ»ΓÄ»ΓÄ»[36/39]ΓÄ»[22m[39m

[41m[1m FAIL [22m[49m tests/api/shares/sell.test.ts[2m > [22mPOST /api/shares/[id]/sell[2m > [22mInsufficient Holdings[2m > [22mshould reject sale 
exceeding owned shares
[31m[1mAssertionError[22m: expected 'Insufficient shares. You have 0 shareΓÇª' to contain '100'[39m


[2m Test Files [22m [1m[31m8 failed[39m[22m[2m | [22m[1m[32m5 passed[39m[22m[90m (13)[39m
[2m      Tests [22m [1m[31m39 failed[39m[22m[2m | [22m[1m[32m171 passed[39m[22m[90m (210)[39m
[2m   Start at [22m 20:41:37
[2m   Duration [22m 17.95s[2m (transform 4.00s, setup 67.47s, import 22.97s, tests 25.27s, environment 75.92s)[22m

Expected: [32m"100"[39m
Received: [31m"Insufficient shares. You have 0 shares."[39m

[36m [2mΓ¥»[22m tests/api/shares/sell.test.ts:[2m335:26[22m[39m
    [90m333| [39m      [35mconst[39m body [33m=[39m [35mawait[39m [34mgetResponseBody[39m(response)[33m;[39m
    [90m334| [39m      [34mexpect[39m(body[33m.[39merror)[33m.[39m[34mtoMatch[39m([36m/insufficient shares/i[39m)[33m;[39m
    [90m335| [39m      [34mexpect[39m(body[33m.[39merror)[33m.[39m[34mtoContain[39m(ownedShares[33m.[39m[34mtoString[39m())[33m;[39m
    [90m   | [39m                         [31m^[39m
    [90m336| [39m    })[33m;[39m
    [90m337| [39m

[31m[2mΓÄ»ΓÄ»ΓÄ»ΓÄ»ΓÄ»ΓÄ»ΓÄ»ΓÄ»ΓÄ»ΓÄ»ΓÄ»ΓÄ»ΓÄ»ΓÄ»ΓÄ»ΓÄ»ΓÄ»ΓÄ»ΓÄ»ΓÄ»ΓÄ»ΓÄ»[37/39]ΓÄ»[22m[39m

[41m[1m FAIL [22m[49m tests/api/shares/sell.test.ts[2m > [22mPOST /api/shares/[id]/sell[2m > [22mEdge Cases[2m > [22mshould handle selling shares in 
user's own corporation
[31m[1mError[22m: Expected status 200, got 400[39m
[36m [2mΓ¥»[22m assertSuccessResponse tests/utils/testHelpers.ts:[2m327:11[22m[39m
    [90m325| [39mexport function assertSuccessResponse(response: Response, expectedStatΓÇª
    [90m326| [39m  [35mif[39m (response[33m.[39mstatus [33m!==[39m expectedStatus) {
    [90m327| [39m    throw new Error(`Expected status ${expectedStatus}, got ${responseΓÇª
    [90m   | [39m          [31m^[39m
    [90m328| [39m  }
    [90m329| [39m}
[90m [2mΓ¥»[22m tests/api/shares/sell.test.ts:[2m451:7[22m[39m

[31m[2mΓÄ»ΓÄ»ΓÄ»ΓÄ»ΓÄ»ΓÄ»ΓÄ»ΓÄ»ΓÄ»ΓÄ»ΓÄ»ΓÄ»ΓÄ»ΓÄ»ΓÄ»ΓÄ»ΓÄ»ΓÄ»ΓÄ»ΓÄ»ΓÄ»ΓÄ»[38/39]ΓÄ»[22m[39m

[41m[1m FAIL [22m[49m tests/api/corporate-actions/actions.test.ts[2m > [22mCorporate Actions API[2m > [22mPOST 
/api/corporate-actions/[corporationId]/marketing-campaign[2m > [22mEdge Cases[2m > [22mshould reject non-existent corporation
[31m[1mError[22m: Expected status 404, got 403[39m
[36m [2mΓ¥»[22m assertErrorResponse tests/utils/testHelpers.ts:[2m339:11[22m[39m
    [90m337| [39mexport function assertErrorResponse(response: Response, expectedStatusΓÇª
    [90m338| [39m  [35mif[39m (expectedStatus [33m&&[39m response[33m.[39mstatus [33m!==[39m expectedStatus) {
    [90m339| [39m    throw new Error(`Expected status ${expectedStatus}, got ${responseΓÇª
    [90m   | [39m          [31m^[39m
    [90m340| [39m  }
    [90m341| [39m  [35mif[39m (response[33m.[39mstatus [33m<[39m [34m400[39m) {
[90m [2mΓ¥»[22m tests/api/corporate-actions/actions.test.ts:[2m420:9[22m[39m

[31m[2mΓÄ»ΓÄ»ΓÄ»ΓÄ»ΓÄ»ΓÄ»ΓÄ»ΓÄ»ΓÄ»ΓÄ»ΓÄ»ΓÄ»ΓÄ»ΓÄ»ΓÄ»ΓÄ»ΓÄ»ΓÄ»ΓÄ»ΓÄ»ΓÄ»ΓÄ»[39/39]ΓÄ»[22m[39m

